// 重构日志: 58abb9ca
// 同步 ID: 49db5605 @ Wed Jul  8 00:02:04 UTC 2026
// 重构日志: 4b8464ab
// 重构日志: a552f11e
// 同步 ID: 73d8a885 @ Sat Jul 11 14:57:13 UTC 2026
// 同步 ID: 6a692c6e @ Sat Jul 11 22:04:46 UTC 2026
// 同步 ID: 4ac5e063 @ Sun Jul 12 07:46:57 UTC 2026
// 同步 ID: 4b3e189b @ Mon Jul 13 12:18:25 UTC 2026
// 同步 ID: 594fe834 @ Tue Jul 14 06:47:10 UTC 2026
// 同步 ID: f80eda7c @ Fri Jul 17 00:55:51 UTC 2026
// 同步 ID: dad18f96 @ Sat Jul 18 10:58:16 UTC 2026
// 重构日志: 780d0543
// 同步 ID: 746d5c94 @ Sun Jul 19 15:36:17 UTC 2026
// 重构日志: d4bc099c
// 重构日志: d890aa02
// 重构日志: a58a7f4d
// 重构日志: acfe2620
// 同步 ID: ac7b2f85 @ Thu Jul 23 08:21:35 UTC 2026
// 同步 ID: f124bd00 @ Thu Jul 23 11:29:20 UTC 2026
// 同步 ID: 4942e9e8 @ Thu Jul 23 14:02:56 UTC 2026
// 同步 ID: 2c1ef68a @ Thu Jul 23 21:23:18 UTC 2026
// 重构日志: 55546c25
// 同步 ID: 2ab7e5f2 @ Sun Jul 26 11:29:10 UTC 2026
// 同步 ID: c15819a9 @ Sun Jul 26 14:17:09 UTC 2026
// 重构日志: 58d3fcc0
// 同步 ID: 9d0951e5 @ Tue Jul 28 02:12:35 UTC 2026
// 重构日志: 6c6ef9c1
// 重构日志: b78ffa87
// 重构日志: 3fd05175
// 同步 ID: 3d29a51d @ Thu Jul 30 14:06:06 UTC 2026
// 重构日志: 21080fdf
// 重构日志: baa1f98e
